../Middlewares/ST/rfal/Src/rfal_nfcDep.c:473:13:nfcipDxIsSupported	24	static
../Middlewares/ST/rfal/Src/rfal_nfcDep.c:496:19:nfcipTxRx	40	static
../Middlewares/ST/rfal/Src/rfal_nfcDep.c:535:19:nfcipDEPControlMsg	56	static
../Middlewares/ST/rfal/Src/rfal_nfcDep.c:559:13:nfcipClearCounters	4	static
../Middlewares/ST/rfal/Src/rfal_nfcDep.c:569:19:nfcipInitiatorHandleDEP	32	static
../Middlewares/ST/rfal/Src/rfal_nfcDep.c:948:19:nfcipTargetHandleRX	56	static
../Middlewares/ST/rfal/Src/rfal_nfcDep.c:1359:19:nfcipTx	40	static
../Middlewares/ST/rfal/Src/rfal_nfcDep.c:1529:13:nfcipConfig	16	static
../Middlewares/ST/rfal/Src/rfal_nfcDep.c:1547:19:nfcipRun	40	static
../Middlewares/ST/rfal/Src/rfal_nfcDep.c:1687:6:rfalNfcDepSetDeactivatingCallback	16	static
../Middlewares/ST/rfal/Src/rfal_nfcDep.c:1694:6:rfalNfcDepInitialize	8	static
../Middlewares/ST/rfal/Src/rfal_nfcDep.c:1740:13:nfcipSetDEPParams	16	static
../Middlewares/ST/rfal/Src/rfal_nfcDep.c:1795:6:rfalNfcDepTargetRcvdATR	4	static
../Middlewares/ST/rfal/Src/rfal_nfcDep.c:1802:6:rfalNfcDepIsAtrReq	32	static
../Middlewares/ST/rfal/Src/rfal_nfcDep.c:1834:19:nfcipTargetHandleActivation	40	static
../Middlewares/ST/rfal/Src/rfal_nfcDep.c:1964:12:rfalNfcDepATR	264	static
../Middlewares/ST/rfal/Src/rfal_nfcDep.c:2050:12:rfalNfcDepPSL	56	static
../Middlewares/ST/rfal/Src/rfal_nfcDep.c:2100:12:rfalNfcDepDSL	48	static
../Middlewares/ST/rfal/Src/rfal_nfcDep.c:2147:12:rfalNfcDepRLS	48	static
../Middlewares/ST/rfal/Src/rfal_nfcDep.c:2194:12:rfalNfcDepInitiatorHandleActivation	32	static
../Middlewares/ST/rfal/Src/rfal_nfcDep.c:2339:10:rfalNfcDepCalculateRWT	24	static
../Middlewares/ST/rfal/Src/rfal_nfcDep.c:2351:19:nfcipDataTx	48	static
../Middlewares/ST/rfal/Src/rfal_nfcDep.c:2358:19:nfcipDataRx	24	static
../Middlewares/ST/rfal/Src/rfal_nfcDep.c:2395:12:rfalNfcDepListenStartActivation	120	static
../Middlewares/ST/rfal/Src/rfal_nfcDep.c:2486:12:rfalNfcDepListenGetActivationStatus	32	static
../Middlewares/ST/rfal/Src/rfal_nfcDep.c:2531:12:rfalNfcDepStartTransceive	48	static
../Middlewares/ST/rfal/Src/rfal_nfcDep.c:2557:12:rfalNfcDepGetTransceiveStatus	8	static
../Middlewares/ST/rfal/Src/rfal_nfcDep.c:2577:14:rfalNfcDepPdu2BLockParam	16	static
../Middlewares/ST/rfal/Src/rfal_nfcDep.c:2613:12:rfalNfcDepStartPduTransceive	80	static
../Middlewares/ST/rfal/Src/rfal_nfcDep.c:2630:12:rfalNfcDepGetPduTransceiveStatus	88	static
