../Middlewares/ST/rfal/Src/rfal_isoDep.c:468:13:rfalIsoDepClearCounters	4	static
../Middlewares/ST/rfal/Src/rfal_isoDep.c:478:19:rfalIsoDepTx	64	static
../Middlewares/ST/rfal/Src/rfal_isoDep.c:535:19:rfalIsoDepHandleControlMsg	32	static
../Middlewares/ST/rfal/Src/rfal_isoDep.c:626:19:rfalIsoDepReSendControlMsg	8	static
../Middlewares/ST/rfal/Src/rfal_isoDep.c:660:6:rfalIsoDepInitialize	8	static
../Middlewares/ST/rfal/Src/rfal_isoDep.c:706:6:rfalIsoDepInitializeWithParams	24	static
../Middlewares/ST/rfal/Src/rfal_isoDep.c:728:19:rfalIsoDepDataExchangePCD	40	static
../Middlewares/ST/rfal/Src/rfal_isoDep.c:1015:12:rfalIsoDepDeselect	16	static
../Middlewares/ST/rfal/Src/rfal_isoDep.c:1027:12:rfalIsoDepStartDeselect	8	static
../Middlewares/ST/rfal/Src/rfal_isoDep.c:1045:12:rfalIsoDepGetDeselectStatus	16	static
../Middlewares/ST/rfal/Src/rfal_isoDep.c:1060:10:rfalIsoDepFWI2FWT	24	static
../Middlewares/ST/rfal/Src/rfal_isoDep.c:1086:10:rfalIsoDepFSxI2FSx	24	static
../Middlewares/ST/rfal/Src/rfal_isoDep.c:1118:6:rfalIsoDepIsRats	16	static
../Middlewares/ST/rfal/Src/rfal_isoDep.c:1132:6:rfalIsoDepIsAttrib	16	static
../Middlewares/ST/rfal/Src/rfal_isoDep.c:1149:12:rfalIsoDepListenStartActivation	64	static
../Middlewares/ST/rfal/Src/rfal_isoDep.c:1286:12:rfalIsoDepListenGetActivationStatus	40	static
../Middlewares/ST/rfal/Src/rfal_isoDep.c:1440:10:rfalIsoDepGetMaxInfLen	16	static
../Middlewares/ST/rfal/Src/rfal_isoDep.c:1454:12:rfalIsoDepStartTransceive	8	static
../Middlewares/ST/rfal/Src/rfal_isoDep.c:1509:12:rfalIsoDepGetTransceiveStatus	8	static
../Middlewares/ST/rfal/Src/rfal_isoDep.c:1533:19:rfalIsoDepDataExchangePICC	40	static
../Middlewares/ST/rfal/Src/rfal_isoDep.c:1894:19:rfalIsoDepStartRATS	56	static
../Middlewares/ST/rfal/Src/rfal_isoDep.c:1918:19:rfalIsoDepGetRATSStatus	16	static
../Middlewares/ST/rfal/Src/rfal_isoDep.c:1948:12:rfalIsoDepRATS	32	static
../Middlewares/ST/rfal/Src/rfal_isoDep.c:1960:19:rfalIsoDepStartPPS	48	static
../Middlewares/ST/rfal/Src/rfal_isoDep.c:1983:19:rfalIsoDepGetPPSSTatus	16	static
../Middlewares/ST/rfal/Src/rfal_isoDep.c:2003:12:rfalIsoDepPPS	24	static
../Middlewares/ST/rfal/Src/rfal_isoDep.c:2018:19:rfalIsoDepStartATTRIB	48	static
../Middlewares/ST/rfal/Src/rfal_isoDep.c:2052:19:rfalIsoDepGetATTRIBStatus	16	static
../Middlewares/ST/rfal/Src/rfal_isoDep.c:2080:12:rfalIsoDepATTRIB	56	static
../Middlewares/ST/rfal/Src/rfal_isoDep.c:2096:12:rfalIsoDepPollAHandleActivation	24	static
../Middlewares/ST/rfal/Src/rfal_isoDep.c:2108:12:rfalIsoDepPollAStartActivation	24	static
../Middlewares/ST/rfal/Src/rfal_isoDep.c:2133:12:rfalIsoDepPollAGetActivationStatus	24	static
../Middlewares/ST/rfal/Src/rfal_isoDep.c:2316:12:rfalIsoDepPollBHandleActivation	48	static
../Middlewares/ST/rfal/Src/rfal_isoDep.c:2329:12:rfalIsoDepPollBStartActivation	72	static
../Middlewares/ST/rfal/Src/rfal_isoDep.c:2396:12:rfalIsoDepPollBGetActivationStatus	16	static
../Middlewares/ST/rfal/Src/rfal_isoDep.c:2452:12:rfalIsoDepPollHandleSParameters	64	static
../Middlewares/ST/rfal/Src/rfal_isoDep.c:2576:13:rfalIsoDepCalcBitRate	32	static
../Middlewares/ST/rfal/Src/rfal_isoDep.c:2645:17:rfalIsoDepSFGI2SFGT	24	static
../Middlewares/ST/rfal/Src/rfal_isoDep.c:2676:14:rfalIsoDepApdu2IBLockParam	16	static
../Middlewares/ST/rfal/Src/rfal_isoDep.c:2706:12:rfalIsoDepStartApduTransceive	96	static
../Middlewares/ST/rfal/Src/rfal_isoDep.c:2727:12:rfalIsoDepGetApduTransceiveStatus	96	static
