../Middlewares/ST/rfal/Src/rfal_nfcb.c:181:19:rfalNfcbCheckSensbRes	16	static
../Middlewares/ST/rfal/Src/rfal_nfcb.c:202:19:rfalNfcbPollerSleepTx	40	static
../Middlewares/ST/rfal/Src/rfal_nfcb.c:229:12:rfalNfcbPollerInitialize	16	static
../Middlewares/ST/rfal/Src/rfal_nfcb.c:248:12:rfalNfcbPollerInitializeWithParams	24	static
../Middlewares/ST/rfal/Src/rfal_nfcb.c:262:12:rfalNfcbPollerCheckPresence	32	static
../Middlewares/ST/rfal/Src/rfal_nfcb.c:274:12:rfalNfcbPollerStartCheckPresence	48	static
../Middlewares/ST/rfal/Src/rfal_nfcb.c:303:12:rfalNfcbPollerGetCheckPresenceStatus	16	static
../Middlewares/ST/rfal/Src/rfal_nfcb.c:330:12:rfalNfcbPollerSleep	48	static
../Middlewares/ST/rfal/Src/rfal_nfcb.c:358:12:rfalNfcbPollerSlotMarker	32	static
../Middlewares/ST/rfal/Src/rfal_nfcb.c:370:12:rfalNfcbPollerStartSlotMarker	48	static
../Middlewares/ST/rfal/Src/rfal_nfcb.c:392:12:rfalNfcbPollerGetSlotMarkerStatus	16	static
../Middlewares/ST/rfal/Src/rfal_nfcb.c:417:12:rfalNfcbPollerTechnologyDetection	24	static
../Middlewares/ST/rfal/Src/rfal_nfcb.c:424:12:rfalNfcbPollerStartTechnologyDetection	24	static
../Middlewares/ST/rfal/Src/rfal_nfcb.c:431:12:rfalNfcbPollerGetTechnologyDetectionStatus	8	static
../Middlewares/ST/rfal/Src/rfal_nfcb.c:438:12:rfalNfcbPollerCollisionResolution	32	static
../Middlewares/ST/rfal/Src/rfal_nfcb.c:450:12:rfalNfcbPollerSlottedCollisionResolution	48	static
../Middlewares/ST/rfal/Src/rfal_nfcb.c:462:12:rfalNfcbPollerStartCollisionResolution	40	static
../Middlewares/ST/rfal/Src/rfal_nfcb.c:469:12:rfalNfcbPollerStartSlottedCollisionResolution	16	static
../Middlewares/ST/rfal/Src/rfal_nfcb.c:501:12:rfalNfcbPollerGetCollisionResolutionStatus	24	static
../Middlewares/ST/rfal/Src/rfal_nfcb.c:702:10:rfalNfcbTR2ToFDT	24	static
