../Drivers/ST25R3916/st25r3916.c:99:12:st25r3916Initialize	16	static
../Drivers/ST25R3916/st25r3916.c:241:6:st25r3916Deinitialize	8	static
../Drivers/ST25R3916/st25r3916.c:253:12:st25r3916OscOn	8	static
../Drivers/ST25R3916/st25r3916.c:282:12:st25r3916ExecuteCommandAndGetResult	16	static
../Drivers/ST25R3916/st25r3916.c:305:9:st25r3916MeasurePowerSupply	24	static
../Drivers/ST25R3916/st25r3916.c:320:10:st25r3916MeasureVoltage	24	static
../Drivers/ST25R3916/st25r3916.c:336:12:st25r3916AdjustRegulators	24	static
../Drivers/ST25R3916/st25r3916.c:369:12:st25r3916MeasureAmplitude	16	static
../Drivers/ST25R3916/st25r3916.c:376:12:st25r3916MeasurePhase	16	static
../Drivers/ST25R3916/st25r3916.c:383:12:st25r3916MeasureCapacitance	16	static
../Drivers/ST25R3916/st25r3916.c:394:12:st25r3916CalibrateCapacitiveSensor	16	static
../Drivers/ST25R3916/st25r3916.c:426:12:st25r3916SetBitrate	24	static
../Drivers/ST25R3916/st25r3916.c:457:12:st25r3916PerformCollisionAvoidance	32	static
../Drivers/ST25R3916/st25r3916.c:533:6:st25r3916SetNumTxBits	16	static
../Drivers/ST25R3916/st25r3916.c:541:10:st25r3916GetNumFIFOBytes	16	static
../Drivers/ST25R3916/st25r3916.c:559:9:st25r3916GetNumFIFOLastBits	16	static
../Drivers/ST25R3916/st25r3916.c:570:10:st25r3916GetNoResponseTime	4	static
../Drivers/ST25R3916/st25r3916.c:577:12:st25r3916SetNoResponseTime	24	static
../Drivers/ST25R3916/st25r3916.c:613:12:st25r3916SetStartNoResponseTimer	24	static
../Drivers/ST25R3916/st25r3916.c:628:6:st25r3916SetGPTime	16	static
../Drivers/ST25R3916/st25r3916.c:636:12:st25r3916SetStartGPTimer	16	static
../Drivers/ST25R3916/st25r3916.c:652:6:st25r3916CheckChipID	24	static
../Drivers/ST25R3916/st25r3916.c:684:12:st25r3916GetRegsDump	24	static
../Drivers/ST25R3916/st25r3916.c:739:6:st25r3916IsCmdValid	16	static
../Drivers/ST25R3916/st25r3916.c:758:12:st25r3916StreamConfigure	24	static
../Drivers/ST25R3916/st25r3916.c:808:12:st25r3916GetRSSI	24	static
../Drivers/ST25R3916/st25r3916.c:840:12:st25r3916SetAntennaMode	24	static
