../Drivers/CMSIS/Include/core_cm4.h:1684:22:__NVIC_EnableIRQ	16	static,ignoring_inline_asm
../Drivers/CMSIS/Include/core_cm4.h:1722:22:__NVIC_DisableIRQ	16	static,ignoring_inline_asm
../Drivers/ST25R3916/st25r3916_com.c:166:13:st25r3916comStart	8	static,ignoring_inline_asm
../Drivers/ST25R3916/st25r3916_com.c:189:13:st25r3916comStop	8	static
../Drivers/ST25R3916/st25r3916_com.c:215:13:st25r3916comTx	16	static
../Drivers/ST25R3916/st25r3916_com.c:246:13:st25r3916comRx	16	static
../Drivers/ST25R3916/st25r3916_com.c:271:13:st25r3916comTxByte	24	static
../Drivers/ST25R3916/st25r3916_com.c:284:12:st25r3916ReadRegister	16	static
../Drivers/ST25R3916/st25r3916_com.c:291:12:st25r3916ReadMultipleRegisters	16	static
../Drivers/ST25R3916/st25r3916_com.c:314:12:st25r3916WriteRegister	24	static
../Drivers/ST25R3916/st25r3916_com.c:322:12:st25r3916WriteMultipleRegisters	16	static
../Drivers/ST25R3916/st25r3916_com.c:346:12:st25r3916WriteFifo	16	static
../Drivers/ST25R3916/st25r3916_com.c:366:12:st25r3916ReadFifo	16	static
../Drivers/ST25R3916/st25r3916_com.c:383:12:st25r3916WritePTMem	16	static
../Drivers/ST25R3916/st25r3916_com.c:403:12:st25r3916ReadPTMem	72	static
../Drivers/ST25R3916/st25r3916_com.c:430:12:st25r3916WritePTMemF	16	static
../Drivers/ST25R3916/st25r3916_com.c:450:12:st25r3916WritePTMemTSN	16	static
../Drivers/ST25R3916/st25r3916_com.c:470:12:st25r3916ExecuteCommand	16	static
../Drivers/ST25R3916/st25r3916_com.c:484:12:st25r3916ReadTestRegister	16	static
../Drivers/ST25R3916/st25r3916_com.c:498:12:st25r3916WriteTestRegister	24	static
../Drivers/ST25R3916/st25r3916_com.c:513:12:st25r3916ClrRegisterBits	24	static
../Drivers/ST25R3916/st25r3916_com.c:533:12:st25r3916SetRegisterBits	24	static
../Drivers/ST25R3916/st25r3916_com.c:553:12:st25r3916ChangeRegisterBits	16	static
../Drivers/ST25R3916/st25r3916_com.c:560:12:st25r3916ModifyRegister	24	static
../Drivers/ST25R3916/st25r3916_com.c:585:12:st25r3916ChangeTestRegisterBits	24	static
../Drivers/ST25R3916/st25r3916_com.c:610:6:st25r3916CheckReg	24	static
../Drivers/ST25R3916/st25r3916_com.c:622:6:st25r3916IsRegValid	16	static
